; ; Code used by the von Neumann processor example
.dorg
0x8000
.const
dataPort 10
.const
addrPort 11
.const
LED_COLS 64
.reg
ledCol
R0
.reg
caddr
R1
.reg
data
R2
.reg
initLedCol
R3
.reg
initAddr
R4
.reg
loop
R5
.reg
taddr
R6
 17 | 0000: 8028 0940 start:    LDI   R4,text          ; 0x28
 18 | 0002: 803f 0930           LDI   R3,LED_COLS-1    ; 0x3f
 20 | 0004: 0103      L4:       MOV   R0,R3
 21 | 0005: 0164                MOV   R6,R4
; ; get char
 23 | 0006: 2c16      L2:       LD    R1,[R6]
 24 | 0007: 2110                CPIs  R1,0             ; 0x0
 25 | 0008: 3514                BREQ  ende             ; 0x1d
; ; calc font addr
 26 | 0009: 8020 0f10           SUBI  R1,' '           ; 0x20
 27 | 000b: 1d18                MULIs R1,8             ; 0x8
; ; addr of char in font
 28 | 000c: 8050 0b10           ADDI  R1,font          ; 0x50
 30 | 000e: 0a58                LDIs  R5,8             ; 0x8
 31 | 000f: 2100      L1:       CPIs  R0,0             ; 0x0
 32 | 0010: 3603                BRMI  L3               ; 0x14
 33 | 0011: 2c21                LD    R2,[R1]
 34 | 0012: 3fa2                OUTs  dataPort,R2      ; 0xa
 35 | 0013: 3fb0                OUTs  addrPort,R0      ; 0xb
                                ; Macro: INC R0
 36 | 0014: 0c01      L3:         ADDIs R0,1           ; 0x1
 37 | 0015: 8040 2000           CPI   R0,LED_COLS      ; 0x40
 38 | 0017: 3505                BREQ  ende             ; 0x1d
                                ; Macro: INC R1
 40 | 0018: 0c11                  ADDIs R1,1           ; 0x1
                                ; Macro: DEC R5
 41 | 0019: 1051                  SUBIs R5,1           ; 0x1
 42 | 001a: 38f4                BRNE  L1               ; 0xf
                                ; Macro: INC R6
 44 | 001b: 0c61                  ADDIs R6,1           ; 0x1
 45 | 001c: 3de9                JMPs  L2               ; 0x6
 47 | 001d: 4400      ende:     BRK   
                                ; Macro: DEC R3
 48 | 001e: 1031                  SUBIs R3,1           ; 0x1
 49 | 001f: fff8 2031           CPI   R3,-8            ; 0xfff8
 50 | 0021: 38e2                BRNE  L4               ; 0x4
 52 | 0022: 0a30                LDIs  R3,0             ; 0x0
                                ; Macro: INC R4
 53 | 0023: 0c41                  ADDIs R4,1           ; 0x1
 55 | 0024: 2c14                LD    R1,[R4]
 56 | 0025: 2110                CPIs  R1,0             ; 0x0
 57 | 0026: 38dd                BRNE  L4               ; 0x4
 59 | 0027: 3dd8                JMPs  start            ; 0x0
 61 | 0028: 0054      text:     .data 'T', 84
    | 0029: 0068                  .data 'h', 104
    | 002a: 0065                  .data 'e', 101
    | 002b: 0073                  .data 's', 115
    | 002c: 0065                  .data 'e', 101
    | 002d: 0020                  .data ' ', 32
    | 002e: 0061                  .data 'a', 97
    | 002f: 0072                  .data 'r', 114
    | 0030: 0065                  .data 'e', 101
    | 0031: 0020                  .data ' ', 32
    | 0032: 0067                  .data 'g', 103
    | 0033: 0072                  .data 'r', 114
    | 0034: 0065                  .data 'e', 101
    | 0035: 0065                  .data 'e', 101
    | 0036: 0074                  .data 't', 116
    | 0037: 0069                  .data 'i', 105
    | 0038: 006e                  .data 'n', 110
    | 0039: 0067                  .data 'g', 103
    | 003a: 0073                  .data 's', 115
    | 003b: 0020                  .data ' ', 32
    | 003c: 0074                  .data 't', 116
    | 003d: 006f                  .data 'o', 111
    | 003e: 0020                  .data ' ', 32
    | 003f: 0074                  .data 't', 116
    | 0040: 0068                  .data 'h', 104
    | 0041: 0065                  .data 'e', 101
    | 0042: 0020                  .data ' ', 32
    | 0043: 0077                  .data 'w', 119
    | 0044: 0068                  .data 'h', 104
    | 0045: 006f                  .data 'o', 111
    | 0046: 006c                  .data 'l', 108
    | 0047: 0065                  .data 'e', 101
    | 0048: 0020                  .data ' ', 32
    | 0049: 0077                  .data 'w', 119
    | 004a: 006f                  .data 'o', 111
    | 004b: 0072                  .data 'r', 114
    | 004c: 006c                  .data 'l', 108
    | 004d: 0064                  .data 'd', 100
    | 004e: 0021                  .data '!', 33
    | 004f: 0000                  .data '\0', 0
 63 | 0050: 0000      font:     .data '\0', 0
    | 0051: 0000                  .data '\0', 0
    | 0052: 0000                  .data '\0', 0
    | 0053: 0000                  .data '\0', 0
    | 0054: 0000                  .data '\0', 0
    | 0055: 0000                  .data '\0', 0
    | 0056: 0000                  .data '\0', 0
    | 0057: 0000                  .data '\0', 0
    | 0058: 0000                  .data '\0', 0
    | 0059: 0000                  .data '\0', 0
    | 005a: 0038                  .data '8', 56
    | 005b: 0dfc                  .data '#3580', 3580
    | 005c: 0dfc                  .data '#3580', 3580
    | 005d: 0038                  .data '8', 56
    | 005e: 0000                  .data '\0', 0
    | 005f: 0000                  .data '\0', 0
    | 0060: 0000                  .data '\0', 0
    | 0061: 000e                  .data '#14', 14
    | 0062: 001e                  .data '#30', 30
    | 0063: 0000                  .data '\0', 0
    | 0064: 0000                  .data '\0', 0
    | 0065: 001e                  .data '#30', 30
    | 0066: 000e                  .data '#14', 14
    | 0067: 0000                  .data '\0', 0
    | 0068: 0220                  .data '#544', 544
    | 0069: 0ff8                  .data '#4088', 4088
    | 006a: 0ff8                  .data '#4088', 4088
    | 006b: 0220                  .data '#544', 544
    | 006c: 0ff8                  .data '#4088', 4088
    | 006d: 0ff8                  .data '#4088', 4088
    | 006e: 0220                  .data '#544', 544
    | 006f: 0000                  .data '\0', 0
    | 0070: 0638                  .data '#1592', 1592
    | 0071: 0c7c                  .data '#3196', 3196
    | 0072: 0844                  .data '#2116', 2116
    | 0073: 3847                  .data '#14407', 14407
    | 0074: 3847                  .data '#14407', 14407
    | 0075: 0fcc                  .data '#4044', 4044
    | 0076: 0798                  .data '#1944', 1944
    | 0077: 0000                  .data '\0', 0
    | 0078: 0c30                  .data '#3120', 3120
    | 0079: 0630                  .data '#1584', 1584
    | 007a: 0300                  .data '#768', 768
    | 007b: 0180                  .data '#384', 384
    | 007c: 00c0                  .data '#192', 192
    | 007d: 0c60                  .data '#3168', 3168
    | 007e: 0c30                  .data '#3120', 3120
    | 007f: 0000                  .data '\0', 0
    | 0080: 0780                  .data '#1920', 1920
    | 0081: 0fd8                  .data '#4056', 4056
    | 0082: 087c                  .data '#2172', 2172
    | 0083: 08e4                  .data '#2276', 2276
    | 0084: 07bc                  .data '#1980', 1980
    | 0085: 0fd8                  .data '#4056', 4056
    | 0086: 0840                  .data '#2112', 2112
    | 0087: 0000                  .data '\0', 0
    | 0088: 0000                  .data '\0', 0
    | 0089: 0010                  .data '#16', 16
    | 008a: 001e                  .data '#30', 30
    | 008b: 000e                  .data '#14', 14
    | 008c: 0000                  .data '\0', 0
    | 008d: 0000                  .data '\0', 0
    | 008e: 0000                  .data '\0', 0
    | 008f: 0000                  .data '\0', 0
    | 0090: 0000                  .data '\0', 0
    | 0091: 0000                  .data '\0', 0
    | 0092: 03f0                  .data '#1008', 1008
    | 0093: 07f8                  .data '#2040', 2040
    | 0094: 0c0c                  .data '#3084', 3084
    | 0095: 0804                  .data '#2052', 2052
    | 0096: 0000                  .data '\0', 0
    | 0097: 0000                  .data '\0', 0
    | 0098: 0000                  .data '\0', 0
    | 0099: 0000                  .data '\0', 0
    | 009a: 0804                  .data '#2052', 2052
    | 009b: 0c0c                  .data '#3084', 3084
    | 009c: 07f8                  .data '#2040', 2040
    | 009d: 03f0                  .data '#1008', 1008
    | 009e: 0000                  .data '\0', 0
    | 009f: 0000                  .data '\0', 0
    | 00a0: 0080                  .data '#128', 128
    | 00a1: 02a0                  .data '#672', 672
    | 00a2: 03e0                  .data '#992', 992
    | 00a3: 01c0                  .data '#448', 448
    | 00a4: 01c0                  .data '#448', 448
    | 00a5: 03e0                  .data '#992', 992
    | 00a6: 02a0                  .data '#672', 672
    | 00a7: 0080                  .data '#128', 128
    | 00a8: 0000                  .data '\0', 0
    | 00a9: 0080                  .data '#128', 128
    | 00aa: 0080                  .data '#128', 128
    | 00ab: 03e0                  .data '#992', 992
    | 00ac: 03e0                  .data '#992', 992
    | 00ad: 0080                  .data '#128', 128
    | 00ae: 0080                  .data '#128', 128
    | 00af: 0000                  .data '\0', 0
    | 00b0: 0000                  .data '\0', 0
    | 00b1: 0000                  .data '\0', 0
    | 00b2: 1000                  .data '#4096', 4096
    | 00b3: 1e00                  .data '#7680', 7680
    | 00b4: 0e00                  .data '#3584', 3584
    | 00b5: 0000                  .data '\0', 0
    | 00b6: 0000                  .data '\0', 0
    | 00b7: 0000                  .data '\0', 0
    | 00b8: 0080                  .data '#128', 128
    | 00b9: 0080                  .data '#128', 128
    | 00ba: 0080                  .data '#128', 128
    | 00bb: 0080                  .data '#128', 128
    | 00bc: 0080                  .data '#128', 128
    | 00bd: 0080                  .data '#128', 128
    | 00be: 0080                  .data '#128', 128
    | 00bf: 0000                  .data '\0', 0
    | 00c0: 0000                  .data '\0', 0
    | 00c1: 0000                  .data '\0', 0
    | 00c2: 0000                  .data '\0', 0
    | 00c3: 0c00                  .data '#3072', 3072
    | 00c4: 0c00                  .data '#3072', 3072
    | 00c5: 0000                  .data '\0', 0
    | 00c6: 0000                  .data '\0', 0
    | 00c7: 0000                  .data '\0', 0
    | 00c8: 0c00                  .data '#3072', 3072
    | 00c9: 0600                  .data '#1536', 1536
    | 00ca: 0300                  .data '#768', 768
    | 00cb: 0180                  .data '#384', 384
    | 00cc: 00c0                  .data '#192', 192
    | 00cd: 0060                  .data '`', 96
    | 00ce: 0030                  .data '0', 48
    | 00cf: 0000                  .data '\0', 0
    | 00d0: 03f0                  .data '#1008', 1008
    | 00d1: 07f8                  .data '#2040', 2040
    | 00d2: 0c0c                  .data '#3084', 3084
    | 00d3: 08c4                  .data '#2244', 2244
    | 00d4: 08c4                  .data '#2244', 2244
    | 00d5: 0c0c                  .data '#3084', 3084
    | 00d6: 07f8                  .data '#2040', 2040
    | 00d7: 03f0                  .data '#1008', 1008
    | 00d8: 0000                  .data '\0', 0
    | 00d9: 0810                  .data '#2064', 2064
    | 00da: 0818                  .data '#2072', 2072
    | 00db: 0ffc                  .data '#4092', 4092
    | 00dc: 0ffc                  .data '#4092', 4092
    | 00dd: 0800                  .data '#2048', 2048
    | 00de: 0800                  .data '#2048', 2048
    | 00df: 0000                  .data '\0', 0
    | 00e0: 0e08                  .data '#3592', 3592
    | 00e1: 0f0c                  .data '#3852', 3852
    | 00e2: 0984                  .data '#2436', 2436
    | 00e3: 08c4                  .data '#2244', 2244
    | 00e4: 0864                  .data '#2148', 2148
    | 00e5: 0c3c                  .data '#3132', 3132
    | 00e6: 0c18                  .data '#3096', 3096
    | 00e7: 0000                  .data '\0', 0
    | 00e8: 0408                  .data '#1032', 1032
    | 00e9: 0c0c                  .data '#3084', 3084
    | 00ea: 0844                  .data '#2116', 2116
    | 00eb: 0844                  .data '#2116', 2116
    | 00ec: 0844                  .data '#2116', 2116
    | 00ed: 0ffc                  .data '#4092', 4092
    | 00ee: 07b8                  .data '#1976', 1976
    | 00ef: 0000                  .data '\0', 0
    | 00f0: 00c0                  .data '#192', 192
    | 00f1: 00e0                  .data '#224', 224
    | 00f2: 00b0                  .data '#176', 176
    | 00f3: 0898                  .data '#2200', 2200
    | 00f4: 0ffc                  .data '#4092', 4092
    | 00f5: 0ffc                  .data '#4092', 4092
    | 00f6: 0880                  .data '#2176', 2176
    | 00f7: 0000                  .data '\0', 0
    | 00f8: 047c                  .data '#1148', 1148
    | 00f9: 0c7c                  .data '#3196', 3196
    | 00fa: 0844                  .data '#2116', 2116
    | 00fb: 0844                  .data '#2116', 2116
    | 00fc: 0844                  .data '#2116', 2116
    | 00fd: 0fc4                  .data '#4036', 4036
    | 00fe: 0784                  .data '#1924', 1924
    | 00ff: 0000                  .data '\0', 0
    | 0100: 07f0                  .data '#2032', 2032
    | 0101: 0ff8                  .data '#4088', 4088
    | 0102: 084c                  .data '#2124', 2124
    | 0103: 0844                  .data '#2116', 2116
    | 0104: 0844                  .data '#2116', 2116
    | 0105: 0fc0                  .data '#4032', 4032
    | 0106: 0780                  .data '#1920', 1920
    | 0107: 0000                  .data '\0', 0
    | 0108: 000c                  .data '#12', 12
    | 0109: 000c                  .data '#12', 12
    | 010a: 0f04                  .data '#3844', 3844
    | 010b: 0f84                  .data '#3972', 3972
    | 010c: 00c4                  .data '#196', 196
    | 010d: 007c                  .data '|', 124
    | 010e: 003c                  .data '<', 60
    | 010f: 0000                  .data '\0', 0
    | 0110: 07b8                  .data '#1976', 1976
    | 0111: 0ffc                  .data '#4092', 4092
    | 0112: 0844                  .data '#2116', 2116
    | 0113: 0844                  .data '#2116', 2116
    | 0114: 0844                  .data '#2116', 2116
    | 0115: 0ffc                  .data '#4092', 4092
    | 0116: 07b8                  .data '#1976', 1976
    | 0117: 0000                  .data '\0', 0
    | 0118: 0038                  .data '8', 56
    | 0119: 087c                  .data '#2172', 2172
    | 011a: 0844                  .data '#2116', 2116
    | 011b: 0844                  .data '#2116', 2116
    | 011c: 0c44                  .data '#3140', 3140
    | 011d: 07fc                  .data '#2044', 2044
    | 011e: 03f8                  .data '#1016', 1016
    | 011f: 0000                  .data '\0', 0
    | 0120: 0000                  .data '\0', 0
    | 0121: 0000                  .data '\0', 0
    | 0122: 0000                  .data '\0', 0
    | 0123: 0630                  .data '#1584', 1584
    | 0124: 0630                  .data '#1584', 1584
    | 0125: 0000                  .data '\0', 0
    | 0126: 0000                  .data '\0', 0
    | 0127: 0000                  .data '\0', 0
    | 0128: 0000                  .data '\0', 0
    | 0129: 0000                  .data '\0', 0
    | 012a: 0800                  .data '#2048', 2048
    | 012b: 0e30                  .data '#3632', 3632
    | 012c: 0630                  .data '#1584', 1584
    | 012d: 0000                  .data '\0', 0
    | 012e: 0000                  .data '\0', 0
    | 012f: 0000                  .data '\0', 0
    | 0130: 0000                  .data '\0', 0
    | 0131: 0080                  .data '#128', 128
    | 0132: 01c0                  .data '#448', 448
    | 0133: 0360                  .data '#864', 864
    | 0134: 0630                  .data '#1584', 1584
    | 0135: 0c18                  .data '#3096', 3096
    | 0136: 0808                  .data '#2056', 2056
    | 0137: 0000                  .data '\0', 0
    | 0138: 0000                  .data '\0', 0
    | 0139: 0120                  .data '#288', 288
    | 013a: 0120                  .data '#288', 288
    | 013b: 0120                  .data '#288', 288
    | 013c: 0120                  .data '#288', 288
    | 013d: 0120                  .data '#288', 288
    | 013e: 0120                  .data '#288', 288
    | 013f: 0000                  .data '\0', 0
    | 0140: 0000                  .data '\0', 0
    | 0141: 0808                  .data '#2056', 2056
    | 0142: 0c18                  .data '#3096', 3096
    | 0143: 0630                  .data '#1584', 1584
    | 0144: 0360                  .data '#864', 864
    | 0145: 01c0                  .data '#448', 448
    | 0146: 0080                  .data '#128', 128
    | 0147: 0000                  .data '\0', 0
    | 0148: 0018                  .data '#24', 24
    | 0149: 001c                  .data '#28', 28
    | 014a: 0004                  .data '#4', 4
    | 014b: 0dc4                  .data '#3524', 3524
    | 014c: 0de4                  .data '#3556', 3556
    | 014d: 003c                  .data '<', 60
    | 014e: 0018                  .data '#24', 24
    | 014f: 0000                  .data '\0', 0
    | 0150: 07f0                  .data '#2032', 2032
    | 0151: 0ff8                  .data '#4088', 4088
    | 0152: 0808                  .data '#2056', 2056
    | 0153: 0bc8                  .data '#3016', 3016
    | 0154: 0bc8                  .data '#3016', 3016
    | 0155: 0bf8                  .data '#3064', 3064
    | 0156: 01f0                  .data '#496', 496
    | 0157: 0000                  .data '\0', 0
    | 0158: 0fe0                  .data '#4064', 4064
    | 0159: 0ff0                  .data '#4080', 4080
    | 015a: 0098                  .data '#152', 152
    | 015b: 008c                  .data '#140', 140
    | 015c: 0098                  .data '#152', 152
    | 015d: 0ff0                  .data '#4080', 4080
    | 015e: 0fe0                  .data '#4064', 4064
    | 015f: 0000                  .data '\0', 0
    | 0160: 0804                  .data '#2052', 2052
    | 0161: 0ffc                  .data '#4092', 4092
    | 0162: 0ffc                  .data '#4092', 4092
    | 0163: 0844                  .data '#2116', 2116
    | 0164: 0844                  .data '#2116', 2116
    | 0165: 0ffc                  .data '#4092', 4092
    | 0166: 07b8                  .data '#1976', 1976
    | 0167: 0000                  .data '\0', 0
    | 0168: 03f0                  .data '#1008', 1008
    | 0169: 07f8                  .data '#2040', 2040
    | 016a: 0c0c                  .data '#3084', 3084
    | 016b: 0804                  .data '#2052', 2052
    | 016c: 0804                  .data '#2052', 2052
    | 016d: 0c0c                  .data '#3084', 3084
    | 016e: 0618                  .data '#1560', 1560
    | 016f: 0000                  .data '\0', 0
    | 0170: 0804                  .data '#2052', 2052
    | 0171: 0ffc                  .data '#4092', 4092
    | 0172: 0ffc                  .data '#4092', 4092
    | 0173: 0804                  .data '#2052', 2052
    | 0174: 0c0c                  .data '#3084', 3084
    | 0175: 07f8                  .data '#2040', 2040
    | 0176: 03f0                  .data '#1008', 1008
    | 0177: 0000                  .data '\0', 0
    | 0178: 0804                  .data '#2052', 2052
    | 0179: 0ffc                  .data '#4092', 4092
    | 017a: 0ffc                  .data '#4092', 4092
    | 017b: 0844                  .data '#2116', 2116
    | 017c: 08e4                  .data '#2276', 2276
    | 017d: 0c0c                  .data '#3084', 3084
    | 017e: 0e1c                  .data '#3612', 3612
    | 017f: 0000                  .data '\0', 0
    | 0180: 0804                  .data '#2052', 2052
    | 0181: 0ffc                  .data '#4092', 4092
    | 0182: 0ffc                  .data '#4092', 4092
    | 0183: 0844                  .data '#2116', 2116
    | 0184: 00e4                  .data '#228', 228
    | 0185: 000c                  .data '#12', 12
    | 0186: 001c                  .data '#28', 28
    | 0187: 0000                  .data '\0', 0
    | 0188: 03f0                  .data '#1008', 1008
    | 0189: 07f8                  .data '#2040', 2040
    | 018a: 0c0c                  .data '#3084', 3084
    | 018b: 0884                  .data '#2180', 2180
    | 018c: 0884                  .data '#2180', 2180
    | 018d: 078c                  .data '#1932', 1932
    | 018e: 0f98                  .data '#3992', 3992
    | 018f: 0000                  .data '\0', 0
    | 0190: 0ffc                  .data '#4092', 4092
    | 0191: 0ffc                  .data '#4092', 4092
    | 0192: 0040                  .data '@', 64
    | 0193: 0040                  .data '@', 64
    | 0194: 0040                  .data '@', 64
    | 0195: 0ffc                  .data '#4092', 4092
    | 0196: 0ffc                  .data '#4092', 4092
    | 0197: 0000                  .data '\0', 0
    | 0198: 0000                  .data '\0', 0
    | 0199: 0000                  .data '\0', 0
    | 019a: 0804                  .data '#2052', 2052
    | 019b: 0ffc                  .data '#4092', 4092
    | 019c: 0ffc                  .data '#4092', 4092
    | 019d: 0804                  .data '#2052', 2052
    | 019e: 0000                  .data '\0', 0
    | 019f: 0000                  .data '\0', 0
    | 01a0: 0700                  .data '#1792', 1792
    | 01a1: 0f00                  .data '#3840', 3840
    | 01a2: 0800                  .data '#2048', 2048
    | 01a3: 0804                  .data '#2052', 2052
    | 01a4: 0ffc                  .data '#4092', 4092
    | 01a5: 07fc                  .data '#2044', 2044
    | 01a6: 0004                  .data '#4', 4
    | 01a7: 0000                  .data '\0', 0
    | 01a8: 0804                  .data '#2052', 2052
    | 01a9: 0ffc                  .data '#4092', 4092
    | 01aa: 0ffc                  .data '#4092', 4092
    | 01ab: 00c0                  .data '#192', 192
    | 01ac: 01e0                  .data '#480', 480
    | 01ad: 0f3c                  .data '#3900', 3900
    | 01ae: 0e1c                  .data '#3612', 3612
    | 01af: 0000                  .data '\0', 0
    | 01b0: 0804                  .data '#2052', 2052
    | 01b1: 0ffc                  .data '#4092', 4092
    | 01b2: 0ffc                  .data '#4092', 4092
    | 01b3: 0804                  .data '#2052', 2052
    | 01b4: 0800                  .data '#2048', 2048
    | 01b5: 0c00                  .data '#3072', 3072
    | 01b6: 0e00                  .data '#3584', 3584
    | 01b7: 0000                  .data '\0', 0
    | 01b8: 0ffc                  .data '#4092', 4092
    | 01b9: 0ffc                  .data '#4092', 4092
    | 01ba: 0038                  .data '8', 56
    | 01bb: 0070                  .data 'p', 112
    | 01bc: 0070                  .data 'p', 112
    | 01bd: 0038                  .data '8', 56
    | 01be: 0ffc                  .data '#4092', 4092
    | 01bf: 0ffc                  .data '#4092', 4092
    | 01c0: 0ffc                  .data '#4092', 4092
    | 01c1: 0ffc                  .data '#4092', 4092
    | 01c2: 0038                  .data '8', 56
    | 01c3: 0070                  .data 'p', 112
    | 01c4: 00e0                  .data '#224', 224
    | 01c5: 0ffc                  .data '#4092', 4092
    | 01c6: 0ffc                  .data '#4092', 4092
    | 01c7: 0000                  .data '\0', 0
    | 01c8: 07f8                  .data '#2040', 2040
    | 01c9: 0ffc                  .data '#4092', 4092
    | 01ca: 0804                  .data '#2052', 2052
    | 01cb: 0804                  .data '#2052', 2052
    | 01cc: 0804                  .data '#2052', 2052
    | 01cd: 0ffc                  .data '#4092', 4092
    | 01ce: 07f8                  .data '#2040', 2040
    | 01cf: 0000                  .data '\0', 0
    | 01d0: 0804                  .data '#2052', 2052
    | 01d1: 0ffc                  .data '#4092', 4092
    | 01d2: 0ffc                  .data '#4092', 4092
    | 01d3: 0844                  .data '#2116', 2116
    | 01d4: 0044                  .data 'D', 68
    | 01d5: 007c                  .data '|', 124
    | 01d6: 0038                  .data '8', 56
    | 01d7: 0000                  .data '\0', 0
    | 01d8: 07f8                  .data '#2040', 2040
    | 01d9: 0ffc                  .data '#4092', 4092
    | 01da: 0804                  .data '#2052', 2052
    | 01db: 0e04                  .data '#3588', 3588
    | 01dc: 3c04                  .data '#15364', 15364
    | 01dd: 3ffc                  .data '#16380', 16380
    | 01de: 27f8                  .data '#10232', 10232
    | 01df: 0000                  .data '\0', 0
    | 01e0: 0804                  .data '#2052', 2052
    | 01e1: 0ffc                  .data '#4092', 4092
    | 01e2: 0ffc                  .data '#4092', 4092
    | 01e3: 0044                  .data 'D', 68
    | 01e4: 00c4                  .data '#196', 196
    | 01e5: 0ffc                  .data '#4092', 4092
    | 01e6: 0f38                  .data '#3896', 3896
    | 01e7: 0000                  .data '\0', 0
    | 01e8: 0618                  .data '#1560', 1560
    | 01e9: 0e3c                  .data '#3644', 3644
    | 01ea: 0864                  .data '#2148', 2148
    | 01eb: 0844                  .data '#2116', 2116
    | 01ec: 08c4                  .data '#2244', 2244
    | 01ed: 0f9c                  .data '#3996', 3996
    | 01ee: 0718                  .data '#1816', 1816
    | 01ef: 0000                  .data '\0', 0
    | 01f0: 001c                  .data '#28', 28
    | 01f1: 000c                  .data '#12', 12
    | 01f2: 0804                  .data '#2052', 2052
    | 01f3: 0ffc                  .data '#4092', 4092
    | 01f4: 0ffc                  .data '#4092', 4092
    | 01f5: 0804                  .data '#2052', 2052
    | 01f6: 000c                  .data '#12', 12
    | 01f7: 001c                  .data '#28', 28
    | 01f8: 07fc                  .data '#2044', 2044
    | 01f9: 0ffc                  .data '#4092', 4092
    | 01fa: 0800                  .data '#2048', 2048
    | 01fb: 0800                  .data '#2048', 2048
    | 01fc: 0800                  .data '#2048', 2048
    | 01fd: 0ffc                  .data '#4092', 4092
    | 01fe: 07fc                  .data '#2044', 2044
    | 01ff: 0000                  .data '\0', 0
    | 0200: 01fc                  .data '#508', 508
    | 0201: 03fc                  .data '#1020', 1020
    | 0202: 0600                  .data '#1536', 1536
    | 0203: 0c00                  .data '#3072', 3072
    | 0204: 0c00                  .data '#3072', 3072
    | 0205: 0600                  .data '#1536', 1536
    | 0206: 03fc                  .data '#1020', 1020
    | 0207: 01fc                  .data '#508', 508
    | 0208: 03fc                  .data '#1020', 1020
    | 0209: 0ffc                  .data '#4092', 4092
    | 020a: 0e00                  .data '#3584', 3584
    | 020b: 0380                  .data '#896', 896
    | 020c: 0380                  .data '#896', 896
    | 020d: 0e00                  .data '#3584', 3584
    | 020e: 0ffc                  .data '#4092', 4092
    | 020f: 03fc                  .data '#1020', 1020
    | 0210: 0c0c                  .data '#3084', 3084
    | 0211: 0e1c                  .data '#3612', 3612
    | 0212: 0330                  .data '#816', 816
    | 0213: 01e0                  .data '#480', 480
    | 0214: 01e0                  .data '#480', 480
    | 0215: 0330                  .data '#816', 816
    | 0216: 0e1c                  .data '#3612', 3612
    | 0217: 0c0c                  .data '#3084', 3084
    | 0218: 001c                  .data '#28', 28
    | 0219: 003c                  .data '<', 60
    | 021a: 0860                  .data '#2144', 2144
    | 021b: 0fc0                  .data '#4032', 4032
    | 021c: 0fc0                  .data '#4032', 4032
    | 021d: 0860                  .data '#2144', 2144
    | 021e: 003c                  .data '<', 60
    | 021f: 001c                  .data '#28', 28
    | 0220: 0e1c                  .data '#3612', 3612
    | 0221: 0f0c                  .data '#3852', 3852
    | 0222: 0984                  .data '#2436', 2436
    | 0223: 08c4                  .data '#2244', 2244
    | 0224: 0864                  .data '#2148', 2148
    | 0225: 0834                  .data '#2100', 2100
    | 0226: 0c1c                  .data '#3100', 3100
    | 0227: 0e0c                  .data '#3596', 3596
    | 0228: 0000                  .data '\0', 0
    | 0229: 0000                  .data '\0', 0
    | 022a: 0ffc                  .data '#4092', 4092
    | 022b: 0ffc                  .data '#4092', 4092
    | 022c: 0804                  .data '#2052', 2052
    | 022d: 0804                  .data '#2052', 2052
    | 022e: 0000                  .data '\0', 0
    | 022f: 0000                  .data '\0', 0
    | 0230: 0038                  .data '8', 56
    | 0231: 0070                  .data 'p', 112
    | 0232: 00e0                  .data '#224', 224
    | 0233: 01c0                  .data '#448', 448
    | 0234: 0380                  .data '#896', 896
    | 0235: 0700                  .data '#1792', 1792
    | 0236: 0e00                  .data '#3584', 3584
    | 0237: 0000                  .data '\0', 0
    | 0238: 0000                  .data '\0', 0
    | 0239: 0000                  .data '\0', 0
    | 023a: 0804                  .data '#2052', 2052
    | 023b: 0804                  .data '#2052', 2052
    | 023c: 0ffc                  .data '#4092', 4092
    | 023d: 0ffc                  .data '#4092', 4092
    | 023e: 0000                  .data '\0', 0
    | 023f: 0000                  .data '\0', 0
    | 0240: 0008                  .data '#8', 8
    | 0241: 000c                  .data '#12', 12
    | 0242: 0006                  .data '#6', 6
    | 0243: 0003                  .data '#3', 3
    | 0244: 0006                  .data '#6', 6
    | 0245: 000c                  .data '#12', 12
    | 0246: 0008                  .data '#8', 8
    | 0247: 0000                  .data '\0', 0
    | 0248: 2000                  .data '#8192', 8192
    | 0249: 2000                  .data '#8192', 8192
    | 024a: 2000                  .data '#8192', 8192
    | 024b: 2000                  .data '#8192', 8192
    | 024c: 2000                  .data '#8192', 8192
    | 024d: 2000                  .data '#8192', 8192
    | 024e: 2000                  .data '#8192', 8192
    | 024f: 2000                  .data '#8192', 8192
    | 0250: 0000                  .data '\0', 0
    | 0251: 0000                  .data '\0', 0
    | 0252: 0003                  .data '#3', 3
    | 0253: 0007                  .data '#7', 7
    | 0254: 0004                  .data '#4', 4
    | 0255: 0000                  .data '\0', 0
    | 0256: 0000                  .data '\0', 0
    | 0257: 0000                  .data '\0', 0
    | 0258: 0700                  .data '#1792', 1792
    | 0259: 0fa0                  .data '#4000', 4000
    | 025a: 08a0                  .data '#2208', 2208
    | 025b: 08a0                  .data '#2208', 2208
    | 025c: 07e0                  .data '#2016', 2016
    | 025d: 0fc0                  .data '#4032', 4032
    | 025e: 0800                  .data '#2048', 2048
    | 025f: 0000                  .data '\0', 0
    | 0260: 0004                  .data '#4', 4
    | 0261: 0ffc                  .data '#4092', 4092
    | 0262: 0ffc                  .data '#4092', 4092
    | 0263: 0820                  .data '#2080', 2080
    | 0264: 0860                  .data '#2144', 2144
    | 0265: 0fc0                  .data '#4032', 4032
    | 0266: 0780                  .data '#1920', 1920
    | 0267: 0000                  .data '\0', 0
    | 0268: 07c0                  .data '#1984', 1984
    | 0269: 0fe0                  .data '#4064', 4064
    | 026a: 0820                  .data '#2080', 2080
    | 026b: 0820                  .data '#2080', 2080
    | 026c: 0820                  .data '#2080', 2080
    | 026d: 0c60                  .data '#3168', 3168
    | 026e: 0440                  .data '#1088', 1088
    | 026f: 0000                  .data '\0', 0
    | 0270: 0780                  .data '#1920', 1920
    | 0271: 0fc0                  .data '#4032', 4032
    | 0272: 0860                  .data '#2144', 2144
    | 0273: 0824                  .data '#2084', 2084
    | 0274: 07fc                  .data '#2044', 2044
    | 0275: 0ffc                  .data '#4092', 4092
    | 0276: 0800                  .data '#2048', 2048
    | 0277: 0000                  .data '\0', 0
    | 0278: 07c0                  .data '#1984', 1984
    | 0279: 0fe0                  .data '#4064', 4064
    | 027a: 08a0                  .data '#2208', 2208
    | 027b: 08a0                  .data '#2208', 2208
    | 027c: 08a0                  .data '#2208', 2208
    | 027d: 0ce0                  .data '#3296', 3296
    | 027e: 04c0                  .data '#1216', 1216
    | 027f: 0000                  .data '\0', 0
    | 0280: 0840                  .data '#2112', 2112
    | 0281: 0ff8                  .data '#4088', 4088
    | 0282: 0ffc                  .data '#4092', 4092
    | 0283: 0844                  .data '#2116', 2116
    | 0284: 000c                  .data '#12', 12
    | 0285: 0018                  .data '#24', 24
    | 0286: 0000                  .data '\0', 0
    | 0287: 0000                  .data '\0', 0
    | 0288: 27c0                  .data '#10176', 10176
    | 0289: 6fe0                  .data '#28640', 28640
    | 028a: 4820                  .data '#18464', 18464
    | 028b: 4820                  .data '#18464', 18464
    | 028c: 7fc0                  .data '#32704', 32704
    | 028d: 3fe0                  .data '#16352', 16352
    | 028e: 0020                  .data ' ', 32
    | 028f: 0000                  .data '\0', 0
    | 0290: 0804                  .data '#2052', 2052
    | 0291: 0ffc                  .data '#4092', 4092
    | 0292: 0ffc                  .data '#4092', 4092
    | 0293: 0040                  .data '@', 64
    | 0294: 0020                  .data ' ', 32
    | 0295: 0fe0                  .data '#4064', 4064
    | 0296: 0fc0                  .data '#4032', 4032
    | 0297: 0000                  .data '\0', 0
    | 0298: 0000                  .data '\0', 0
    | 0299: 0000                  .data '\0', 0
    | 029a: 0820                  .data '#2080', 2080
    | 029b: 0fec                  .data '#4076', 4076
    | 029c: 0fec                  .data '#4076', 4076
    | 029d: 0800                  .data '#2048', 2048
    | 029e: 0000                  .data '\0', 0
    | 029f: 0000                  .data '\0', 0
    | 02a0: 0000                  .data '\0', 0
    | 02a1: 3000                  .data '#12288', 12288
    | 02a2: 7000                  .data '#28672', 28672
    | 02a3: 4000                  .data '#16384', 16384
    | 02a4: 4020                  .data '#16416', 16416
    | 02a5: 7fec                  .data '#32748', 32748
    | 02a6: 3fec                  .data '#16364', 16364
    | 02a7: 0000                  .data '\0', 0
    | 02a8: 0804                  .data '#2052', 2052
    | 02a9: 0ffc                  .data '#4092', 4092
    | 02aa: 0ffc                  .data '#4092', 4092
    | 02ab: 0180                  .data '#384', 384
    | 02ac: 03c0                  .data '#960', 960
    | 02ad: 0e60                  .data '#3680', 3680
    | 02ae: 0c20                  .data '#3104', 3104
    | 02af: 0000                  .data '\0', 0
    | 02b0: 0000                  .data '\0', 0
    | 02b1: 0000                  .data '\0', 0
    | 02b2: 0804                  .data '#2052', 2052
    | 02b3: 0ffc                  .data '#4092', 4092
    | 02b4: 0ffc                  .data '#4092', 4092
    | 02b5: 0800                  .data '#2048', 2048
    | 02b6: 0000                  .data '\0', 0
    | 02b7: 0000                  .data '\0', 0
    | 02b8: 0fe0                  .data '#4064', 4064
    | 02b9: 0fe0                  .data '#4064', 4064
    | 02ba: 0060                  .data '`', 96
    | 02bb: 0fc0                  .data '#4032', 4032
    | 02bc: 0fc0                  .data '#4032', 4032
    | 02bd: 0060                  .data '`', 96
    | 02be: 0fe0                  .data '#4064', 4064
    | 02bf: 0fc0                  .data '#4032', 4032
    | 02c0: 0020                  .data ' ', 32
    | 02c1: 0fe0                  .data '#4064', 4064
    | 02c2: 0fc0                  .data '#4032', 4032
    | 02c3: 0020                  .data ' ', 32
    | 02c4: 0020                  .data ' ', 32
    | 02c5: 0fe0                  .data '#4064', 4064
    | 02c6: 0fc0                  .data '#4032', 4032
    | 02c7: 0000                  .data '\0', 0
    | 02c8: 07c0                  .data '#1984', 1984
    | 02c9: 0fe0                  .data '#4064', 4064
    | 02ca: 0820                  .data '#2080', 2080
    | 02cb: 0820                  .data '#2080', 2080
    | 02cc: 0820                  .data '#2080', 2080
    | 02cd: 0fe0                  .data '#4064', 4064
    | 02ce: 07c0                  .data '#1984', 1984
    | 02cf: 0000                  .data '\0', 0
    | 02d0: 4020                  .data '#16416', 16416
    | 02d1: 7fe0                  .data '#32736', 32736
    | 02d2: 7fc0                  .data '#32704', 32704
    | 02d3: 4820                  .data '#18464', 18464
    | 02d4: 0820                  .data '#2080', 2080
    | 02d5: 0fe0                  .data '#4064', 4064
    | 02d6: 07c0                  .data '#1984', 1984
    | 02d7: 0000                  .data '\0', 0
    | 02d8: 07c0                  .data '#1984', 1984
    | 02d9: 0fe0                  .data '#4064', 4064
    | 02da: 0820                  .data '#2080', 2080
    | 02db: 4820                  .data '#18464', 18464
    | 02dc: 7fc0                  .data '#32704', 32704
    | 02dd: 7fe0                  .data '#32736', 32736
    | 02de: 4020                  .data '#16416', 16416
    | 02df: 0000                  .data '\0', 0
    | 02e0: 0820                  .data '#2080', 2080
    | 02e1: 0fe0                  .data '#4064', 4064
    | 02e2: 0fc0                  .data '#4032', 4032
    | 02e3: 0860                  .data '#2144', 2144
    | 02e4: 0020                  .data ' ', 32
    | 02e5: 00e0                  .data '#224', 224
    | 02e6: 00c0                  .data '#192', 192
    | 02e7: 0000                  .data '\0', 0
    | 02e8: 0440                  .data '#1088', 1088
    | 02e9: 0ce0                  .data '#3296', 3296
    | 02ea: 09a0                  .data '#2464', 2464
    | 02eb: 0920                  .data '#2336', 2336
    | 02ec: 0b20                  .data '#2848', 2848
    | 02ed: 0e60                  .data '#3680', 3680
    | 02ee: 0440                  .data '#1088', 1088
    | 02ef: 0000                  .data '\0', 0
    | 02f0: 0020                  .data ' ', 32
    | 02f1: 0020                  .data ' ', 32
    | 02f2: 07f8                  .data '#2040', 2040
    | 02f3: 0ffc                  .data '#4092', 4092
    | 02f4: 0820                  .data '#2080', 2080
    | 02f5: 0c20                  .data '#3104', 3104
    | 02f6: 0400                  .data '#1024', 1024
    | 02f7: 0000                  .data '\0', 0
    | 02f8: 07e0                  .data '#2016', 2016
    | 02f9: 0fe0                  .data '#4064', 4064
    | 02fa: 0800                  .data '#2048', 2048
    | 02fb: 0800                  .data '#2048', 2048
    | 02fc: 07e0                  .data '#2016', 2016
    | 02fd: 0fe0                  .data '#4064', 4064
    | 02fe: 0800                  .data '#2048', 2048
    | 02ff: 0000                  .data '\0', 0
    | 0300: 01e0                  .data '#480', 480
    | 0301: 03e0                  .data '#992', 992
    | 0302: 0600                  .data '#1536', 1536
    | 0303: 0c00                  .data '#3072', 3072
    | 0304: 0c00                  .data '#3072', 3072
    | 0305: 0600                  .data '#1536', 1536
    | 0306: 03e0                  .data '#992', 992
    | 0307: 01e0                  .data '#480', 480
    | 0308: 07e0                  .data '#2016', 2016
    | 0309: 0fe0                  .data '#4064', 4064
    | 030a: 0c00                  .data '#3072', 3072
    | 030b: 0700                  .data '#1792', 1792
    | 030c: 0700                  .data '#1792', 1792
    | 030d: 0c00                  .data '#3072', 3072
    | 030e: 0fe0                  .data '#4064', 4064
    | 030f: 07e0                  .data '#2016', 2016
    | 0310: 0820                  .data '#2080', 2080
    | 0311: 0c60                  .data '#3168', 3168
    | 0312: 06c0                  .data '#1728', 1728
    | 0313: 0380                  .data '#896', 896
    | 0314: 0380                  .data '#896', 896
    | 0315: 06c0                  .data '#1728', 1728
    | 0316: 0c60                  .data '#3168', 3168
    | 0317: 0820                  .data '#2080', 2080
    | 0318: 47e0                  .data '#18400', 18400
    | 0319: 4fe0                  .data '#20448', 20448
    | 031a: 4800                  .data '#18432', 18432
    | 031b: 4800                  .data '#18432', 18432
    | 031c: 6800                  .data '#26624', 26624
    | 031d: 3fe0                  .data '#16352', 16352
    | 031e: 1fe0                  .data '#8160', 8160
    | 031f: 0000                  .data '\0', 0
    | 0320: 0c60                  .data '#3168', 3168
    | 0321: 0e60                  .data '#3680', 3680
    | 0322: 0b20                  .data '#2848', 2848
    | 0323: 09a0                  .data '#2464', 2464
    | 0324: 08e0                  .data '#2272', 2272
    | 0325: 0c60                  .data '#3168', 3168
    | 0326: 0c20                  .data '#3104', 3104
    | 0327: 0000                  .data '\0', 0
    | 0328: 0000                  .data '\0', 0
    | 0329: 0040                  .data '@', 64
    | 032a: 0040                  .data '@', 64
    | 032b: 07f8                  .data '#2040', 2040
    | 032c: 0fbc                  .data '#4028', 4028
    | 032d: 0804                  .data '#2052', 2052
    | 032e: 0804                  .data '#2052', 2052
    | 032f: 0000                  .data '\0', 0
    | 0330: 0000                  .data '\0', 0
    | 0331: 0000                  .data '\0', 0
    | 0332: 0000                  .data '\0', 0
    | 0333: 0fbc                  .data '#4028', 4028
    | 0334: 0fbc                  .data '#4028', 4028
    | 0335: 0000                  .data '\0', 0
    | 0336: 0000                  .data '\0', 0
    | 0337: 0000                  .data '\0', 0
    | 0338: 0000                  .data '\0', 0
    | 0339: 0804                  .data '#2052', 2052
    | 033a: 0804                  .data '#2052', 2052
    | 033b: 0fbc                  .data '#4028', 4028
    | 033c: 07f8                  .data '#2040', 2040
    | 033d: 0040                  .data '@', 64
    | 033e: 0040                  .data '@', 64
    | 033f: 0000                  .data '\0', 0
    | 0340: 0008                  .data '#8', 8
    | 0341: 000c                  .data '#12', 12
    | 0342: 0004                  .data '#4', 4
    | 0343: 000c                  .data '#12', 12
    | 0344: 0008                  .data '#8', 8
    | 0345: 000c                  .data '#12', 12
    | 0346: 0004                  .data '#4', 4
    | 0347: 0000                  .data '\0', 0
